
[1m[46m RUN [49m[22m [36mv4.0.15 [39m[90mC:/Users/david/sonic-refine-suite-project[39m

 [31mÔØ»[39m src/components/stems/__tests__/StemsTab.test.tsx [2m([22m[2m2 tests[22m[2m | [22m[31m2 failed[39m[2m)[22m[32m 169[2mms[22m[39m
[31m     [31m├ù[31m renders correctly[39m[32m 132[2mms[22m[39m
[31m     [31m├ù[31m shows processing state when isProcessing is true[39m[32m 34[2mms[22m[39m
node.exe : 
En línea: 1 Carácter: 
1
+ & "C:\Program Files\
nodejs/node.exe" 
"C:\Program 
Files\nodejs/node_mo 
...
+ ~~~~~~~~~~~~~~~~~~~~
~~~~~~~~~~~~~~~~~~~~~~
~~~~~~~~~~~~~~~~~~~~~~
~~~~~
    + CategoryInfo    
          : NotSpeci  
  fied: (:String) [   
 ], RemoteExceptio    
n
    + FullyQualifiedE 
   rrorId : NativeCo  
  mmandError
 
[31mÔÄ»ÔÄ»ÔÄ»ÔÄ»ÔÄ»ÔÄ
»ÔÄ»[39m[1m[41m 
Failed Tests 2 [49m[
22m[31mÔÄ»ÔÄ»ÔÄ»ÔÄ»ÔÄ
»ÔÄ»ÔÄ»[39m

[41m[1m FAIL 
[22m[49m src/compone
nts/stems/__tests__/St
emsTab.test.tsx[2m > 
[22mStemsTab[2m > 
[22mrenders correctly
[31m[1mTestingLibrar
yElementError[22m[39
m: Unable to find an 
element with the 
text: Stems 
Separation. This 
could be because the 
text is broken up by 
multiple elements. In 
this case, you can 
provide a function 
for your text matcher 
to make your matcher 
more flexible.

Ignored nodes: 
comments, script, 
style
[36m<body>[39m
  [36m<div>[39m
    [36m<div[39m
      [33mclass[39m=
[32m"space-y-6 
animate-in fade-in 
duration-500"[39m
    [36m>[39m
      [36m<div[39m
        [33mclass[39
m=[32m"grid 
grid-cols-1 
md:grid-cols-3 
gap-6"[39m
      [36m>[39m
        [36m<div[39m
          [33mclass[
39m=[32m"md:col-span-
1 space-y-6"[39m
        [36m>[39m
          
[36m<div[39m
            [33mclass
[39m=[32m"rounded-lg
 border 
text-card-foreground 
shadow-sm 
bg-slate-900/50 
border-slate-800 
backdrop-blur-sm"[39m
          [36m>[39m
            
[36m<div[39m
              [33mcla
ss[39m=[32m"space-y-
1.5 p-6 flex flex-row 
items-center 
justify-between 
pb-2"[39m
            
[36m>[39m
              
[36m<h3[39m
                [33mc
lass[39m=[32m"text-2
xl font-semibold 
leading-none 
tracking-tight 
text-white flex 
items-center 
gap-2"[39m
              
[36m>[39m
                
[36m<svg[39m
                  [33
mclass[39m=[32m"luci
de lucide-music w-5 
h-5 
text-cyan-400"[39m
                  [33
mfill[39m=[32m"none"
[39m
                  [33
mheight[39m=[32m"24"
[39m
                  [33
mstroke[39m=[32m"cur
rentColor"[39m
                  [33
mstroke-linecap[39m=
[32m"round"[39m
                  [33
mstroke-linejoin[39m=
[32m"round"[39m
                  [33
mstroke-width[39m=[3
2m"2"[39m
                  [33
mviewBox[39m=[32m"0 
0 24 24"[39m
                  [33
mwidth[39m=[32m"24"
[39m
                  [33
mxmlns[39m=[32m"http
://www.w3.org/2000/svg
"[39m
                
[36m>[39m
                  
[36m<path[39m
                    
[33md[39m=[32m"M9 
18V5l12-2v13"[39m
                  
[36m/>[39m
                  
[36m<circle[39m
                    [
33mcx[39m=[32m"6"[3
9m
                    [
33mcy[39m=[32m"18"[
39m
                    [
33mr[39m=[32m"3"[39
m
                  
[36m/>[39m
                  
[36m<circle[39m
                    [
33mcx[39m=[32m"18"[
39m
                    [
33mcy[39m=[32m"16"[
39m
                    [
33mr[39m=[32m"3"[39
m
                  
[36m/>[39m
                
[36m</svg>[39m
                
[0mInput Audio[0m
              
[36m</h3>[39m
              
[36m<div>[39m
                
[0mStems Guide[0m
              
[36m</div>[39m
            
[36m</div>[39m
            
[36m<div[39m
              [33mcla
ss[39m=[32m"p-6 
pt-0 space-y-4"[39m
            
[36m>[39m
              
[36m<div[39m
                [33mc
lass[39m=[32m"border
-2 border-dashed 
rounded-lg p-6 
text-center 
transition-colors 
cursor-pointer 
bg-slate-950/30 
border-slate-700 hover
:border-cyan-500/50"[
39m
                [33mr
ole[39m=[32m"present
ation"[39m
                [33mt
abindex[39m=[32m"0"
[39m
              
[36m>[39m
                
[36m<input[39m
                  [33
maccept[39m=[32m"aud
io/*,.mp3,.wav,.flac,.
m4a,.ogg"[39m
                  [33
mmultiple[39m=[32m""
[39m
                  [33
mstyle[39m=[32m"bord
er: 0px; clip: 
rect(0px, 0px, 0px, 
0px); clip-path: 
inset(50%); height: 
1px; margin: 0px -1px 
-1px 0px; overflow: 
hidden; padding: 0px; 
position: absolute; 
width: 1px; 
white-space: 
nowrap;"[39m
                  [33
mtabindex[39m=[32m"-
1"[39m
                  [33
mtype[39m=[32m"file"
[39m
                
[36m/>[39m
                
[36m<svg[39m
                  [33
mclass[39m=[32m"luci
de lucide-upload w-8 
h-8 text-slate-400 
mx-auto mb-2"[39m
                  [33
mfill[39m=[32m"none"
[39m
                  [33
mheight[39m=[32m"24"
[39m
                  [33
mstroke[39m=[32m"cur
rentColor"[39m
                  [33
mstroke-linecap[39m=
[32m"round"[39m
                  [33
mstroke-linejoin[39m=
[32m"round"[39m
                  [33
mstroke-width[39m=[3
2m"2"[39m
                  [33
mviewBox[39m=[32m"0 
0 24 24"[39m
                  [33
mwidth[39m=[32m"24"
[39m
                  [33
mxmlns[39m=[32m"http
://www.w3.org/2000/svg
"[39m
                
[36m>[39m
                  
[36m<path[39m
                    
[33md[39m=[32m"M21 
15v4a2 2 0 0 1-2 
2H5a2 2 0 0 
1-2-2v-4"[39m
                  
[36m/>[39m
                  
[36m<polyline[39m
                    [
33mpoints[39m=[32m"1
7 8 12 3 7 8"[39m
                  
[36m/>[39m
                  
[36m<line[39m
                    [
33mx1[39m=[32m"12"[
39m
                    [
33mx2[39m=[32m"12"[
39m
                    [
33my1[39m=[32m"3"[3
9m
                    [
33my2[39m=[32m"15"[
39m
                  
[36m/>[39m
                
[36m</svg>[39m
                
[36m<p[39m
                  [33
mclass[39m=[32m"text
-sm 
text-slate-400"[39m
                
[36m>[39m
                  
[0mDrag & drop or 
click to upload[0m
                
[36m</p>[39m
              
[36m</div>[39m
            
[36m</div>[39m
          
[36m</div>[39m
          
[36m<div[39m
            [33mclass
[39m=[32m"rounded-lg
 border 
text-card-foreground 
shadow-sm 
bg-slate-900/50 
border-slate-800 
backdrop-blur-sm"[39m
          [36m>[39m
            
[36m<div[39m
              [33mcla
ss[39m=[32m"flex 
flex-col space-y-1.5 
p-6"[39m
            
[36m>[39m
              
[36m<h3[39m
                [33mc
lass[39m=[32m"text-2
xl font-semibold 
leading-none 
tracking-tight 
text-white flex 
items-center 
gap-2"[39m
              
[36m>[39m
                
[36m<svg[39m
                  [33
mclass[39m=[32m"luci
de lucide-cpu w-5 h-5 
text-purple-400"[39m
                  [33
mfill[39m=[32m"none"
[39m
                  [33
mheight[39m=[32m"24"
[39m
                  [33
mstroke[39m=[32m"cur
rentColor"[39m
                  [33
mstroke-linecap[39m=
[32m"round"[39m
                  [33
mstroke-linejoin[39m=
[32m"round"[39m
                  [33
mstroke-width[39m=[3
2m"2"[39m
                  [33
mviewBox[39m=[32m"0 
0 24 24"[39m
                  [33
mwidth[39m=[32m"24"
[39m
                  [33
mxmlns[39m=[32m"http
://www.w3.org/2000/svg
"[39m
                
[36m>[39m
                  
[36m<rect[39m
                    [
33mheight[39m=[32m"1
6"[39m
                    [
33mrx[39m=[32m"2"[3
9m
                    [
33mwidth[39m=[32m"16
"[39m
                    [
33mx[39m=[32m"4"[39
m
                    [
33my[39m=[32m"4"[39
m
                  
[36m/>[39m
                  
[36m<rect[39m
                    [
33mheight[39m=[32m"6
"[39m
                    [
33mrx[39m=[32m"1"[3
9m
                    [
33mwidth[39m=[32m"6"
[39m
                    [
33mx[39m=[32m"9"[39
m
                    [
33my[39m=[32m"9"[39
m
                  
[36m/>[39m
                  
[36m<path[39m
                    
[33md[39m=[32m"M15 
2v2"[39m
                  
[36m/>[39m
                  
[36m<path[39m
                    
[33md[39m=[32m"M15 
20v2"[39m
                  
[36m/>[39m
                  
[36m<path[39m
                    
[33md[39m=[32m"M2 
15h2"[39m
                  
[36m/>[39m
                  
[36m<path[39m
                    
[33md[39m=[32m"M2 
9h2"[39m
                  
[36m/>[39m
                  
[36m<path[39m
                    
[33md[39m=[32m"M20 
15h2"[39m
                  
[36m/>[39m
                  
[36m<path[39m
                    
[33md[39m=[32m"M20 
9h2"[39m
                  
[36m/>[39m
                  
[36m<path[39m
                    
[33md[39m=[32m"M9 
2v2"[39m
                  
[36m/>[39m
                  
[36m<path[39m
                    
[33md[39m=[32m"M9 
20v2"[39m
                  
[36m/>[39m
                
[36m</svg>[39m
                
[0mProcessing 
Options[0m
              
[36m</h3>[39m
            
[36m</div>[39m
            
[36m<div[39m
              [33mcla
ss[39m=[32m"p-6 
pt-0 space-y-6"[39m
            
[36m>[39m
              
[36m<div[39m
                [33mc
lass[39m=[32m"space-
y-3"[39m
              
[36m>[39m
                
[36m<label[39m
                  [33
mclass[39m=[32m"text
-sm font-medium 
leading-none peer-disa
bled:cursor-not-allowe
d peer-disabled:opacit
y-70 
text-slate-300"[39m
                
[36m>[39m
                  
[0mEngine[0m
                
[36m</label>[39m
                
[36m<div[39m
                  [33
mclass[39m=[32m"p-3 
rounded-lg border 
bg-purple-950/30 borde
r-purple-500/50"[39m
                
[36m>[39m
                  
[36m<div[39m
                    [
33mclass[39m=[32m"fl
ex items-center gap-2 
mb-1"[39m
                  
[36m>[39m
                    
[36m<svg[39m
                      
[33mclass[39m=[32m"
lucide lucide-music 
w-4 h-4 
text-purple-400"[39m
                      
[33mfill[39m=[32m"n
one"[39m
                      
[33mheight[39m=[32m
"24"[39m
                      
[33mstroke[39m=[32m
"currentColor"[39m
                      
[33mstroke-linecap[3
9m=[32m"round"[39m
                      
[33mstroke-linejoin[
39m=[32m"round"[39m
                      
[33mstroke-width[39m
=[32m"2"[39m
                      
[33mviewBox[39m=[32
m"0 0 24 24"[39m
                      
[33mwidth[39m=[32m"
24"[39m
                      
[33mxmlns[39m=[32m"
http://www.w3.org/2000
/svg"[39m
                    
[36m>[39m
                      
[36m<path[39m
                      
  
[33md[39m=[32m"M9 
18V5l12-2v13"[39m
                      
[36m/>[39m
                      
[36m<circle[39m
                      
  [33mcx[39m=[32m"6
"[39m
                      
  [33mcy[39m=[32m"1
8"[39m
                      
  [33mr[39m=[32m"3"
[39m
                      
[36m/>[39m
                      
[36m<circle[39m
                      
  [33mcx[39m=[32m"1
8"[39m
                      
  [33mcy[39m=[32m"1
6"[39m
                      
  [33mr[39m=[32m"3"
[39m
                      
[36m/>[39m
                    
[36m</svg>[39m
                    
[36m<span[39m
                      
[33mclass[39m=[32m"
font-medium 
text-white"[39m
                    
[36m>[39m
                      
[0mLevel (High 
Quality)[0m
                    
[36m</span>[39m
                  
[36m</div>[39m
                  
[36m<p[39m
                    [
33mclass[39m=[32m"te
xt-xs 
text-slate-400"[39m
                  
[36m>[39m
                    
[0mState-of-the-art 
separation powered by 
AI.[0m
                  
[36m</p>[39m
                
[36m</div>[39m
              
[36m</div>[39m
              
[36m<div[39m
                [33mc
lass[39m=[32m"space-
y-3"[39m
              
[36m>[39m
                
[36m<label[39m
                  [33
mclass[39m=[32m"text
-sm font-medium 
leading-none peer-disa
bled:cursor-not-allowe
d peer-disabled:opacit
y-70 
text-slate-300"[39m
                
[36m>[39m
                  
[0mStem Count[0m
                
[36m</label>[39m
                
[36m<button[39m
                  [33
maria-autocomplete[39
m=[32m"none"[39m
                  [33
maria-controls[39m=[
32m"radix-:r0:"[39m
                  [33
maria-expanded[39m=[
32m"false"[39m
                  [33
mclass[39m=[32m"flex
 h-10 w-full 
items-center 
justify-between 
rounded-md border 
px-3 py-2 text-sm ring
-offset-background pla
ceholder:text-muted-fo
reground 
focus:outline-none 
focus:ring-2 
focus:ring-ring 
focus:ring-offset-2 di
sabled:cursor-not-allo
wed 
disabled:opacity-50 
[&>span]:line-clamp-1 
bg-slate-950 
border-slate-700 
text-white"[39m
                  [33
mdata-state[39m=[32m
"closed"[39m
                  [33
mdir[39m=[32m"ltr"[
39m
                  [33
mrole[39m=[32m"combo
box"[39m
                  [33
mtype[39m=[32m"butto
n"[39m
                
[36m>[39m
                  
[36m<span[39m
                    [
33mstyle[39m=[32m"po
inter-events: 
none;"[39m
                  
[36m>[39m
                    
[0m4 Stems (Vocals/Dr
ums/Bass/Other)[0m
                  
[36m</span>[39m
                  
[36m<svg[39m
                    [
33maria-hidden[39m=[
32m"true"[39m
                    [
33mclass[39m=[32m"lu
cide 
lucide-chevron-down 
h-4 w-4 
opacity-50"[39m
                    [
33mfill[39m=[32m"non
e"[39m
                    [
33mheight[39m=[32m"2
4"[39m
                    [
33mstroke[39m=[32m"c
urrentColor"[39m
                    [
33mstroke-linecap[39m
=[32m"round"[39m
                    [
33mstroke-linejoin[39
m=[32m"round"[39m
                    [
33mstroke-width[39m=
[32m"2"[39m
                    [
33mviewBox[39m=[32m"
0 0 24 24"[39m
                    [
33mwidth[39m=[32m"24
"[39m
                    [
33mxmlns[39m=[32m"ht
tp://www.w3.org/2000/s
vg"[39m
                  
[36m>[39m
                    
[36m<path[39m
                      
[33md[39m=[32m"m6 
9 6 6 6-6"[39m
                    
[36m/>[39m
                  
[36m</svg>[39m
                
[36m</button>[39m
              
[36m</div>[39m
              
[36m<button[39m
                [33mc
lass[39m=[32m"inline
-flex items-center 
justify-center gap-2 
whitespace-nowrap 
rounded-md text-sm 
font-medium ring-offse
t-background 
transition-all 
duration-300 focus-vis
ible:outline-none 
focus-visible:ring-2 f
ocus-visible:ring-ring
 focus-visible:ring-of
fset-2 disabled:pointe
r-events-none 
disabled:opacity-50 [&
_svg]:pointer-events-n
one [&_svg]:size-4 
[&_svg]:shrink-0 
bg-primary 
hover:bg-primary/90 
hover:scale-105 h-10 
px-4 py-2 w-full 
bg-gradient-to-r 
from-purple-600 
to-indigo-600 
hover:from-purple-500 
hover:to-indigo-500 
text-white shadow-lg s
hadow-purple-500/20"[
39m
                [33md
isabled[39m=[32m""[
39m
              
[36m>[39m
                
[36m<svg[39m
                  [33
mclass[39m=[32m"luci
de lucide-zap w-4 h-4 
mr-2"[39m
                  [33
mfill[39m=[32m"none"
[39m
                  [33
mheight[39m=[32m"24"
[39m
                  [33
mstroke[39m=[32m"cur
rentColor"[39m
                  [33
mstroke-linecap[39m=
[32m"round"[39m
                  [33
mstroke-linejoin[39m=
[32m"round"[39m
                  [33
mstroke-width[39m=[3
2m"2"[39m
                  [33
mviewBox[39m=[32m"0 
0 24 24"[39m
                  [33
mwidth[39m=[32m"24"
[39m
                  [33
mxmlns[39m=[32m"http
://www.w3.org/2000/svg
"[39m
                
[36m>[39m
                  
[36m<path[39m
                    
[33md[39m=[32m"M4 
14a1 1 0 0 1-.78-1.63l
9.9-10.2a.5.5 0 0 1 
.86.46l-1.92 6.02A1 1 
0 0 0 13 10h7a1 1 0 0 
1 .78 1.63l-9.9 
10.2a.5.5 0 0 
1-.86-.46l1.92-6.02A1 
1 0 0 0 11 14z"[39m
                  
[36m/>[39m
                
[36m</svg>[39m
                
[0mSeparate Audio[0m
              
[36m</button>[39m
            
[36m</div>[39m
          
[36m</div>[39m
        
[36m</div>[39m
        [36m<div[39m
          [33mclass[
39m=[32m"md:col-span-
2"[39m
        [36m>[39m
          
[36m<div[39m
            [33mclass
[39m=[32m"rounded-lg
 border 
text-card-foreground 
bg-slate-950/80 
border-cyan-500/30 
backdrop-blur-md 
h-full min-h-[400px] s
hadow-[0_0_30px_rgba(6
,182,212,0.1)]"[39m
          [36m>[39m
            
[36m<div[39m
              [33mcla
ss[39m=[32m"space-y-
1.5 p-6 flex flex-row 
items-center 
justify-between"[39m
            
[36m>[39m
              
[36m<div>[39m
                
[36m<h3[39m
                  [33
mclass[39m=[32m"text
-2xl font-semibold 
leading-none 
tracking-tight 
text-white"[39m
                
[36m>[39m
                  
[0mResults[0m
                
[36m</h3>[39m
                
[36m<p[39m
                  [33
mclass[39m=[32m"text
-sm 
text-slate-400"[39m
                
[36m>[39m
                  
[0mSeparated stems 
will appear here[0m
                
[36m</p>[39m
              
[36m</div>[39m
            
[36m</div>[39m
            
[36m<div[39m
              [33mcla
ss[39m=[32m"p-6 
pt-0"[39m
            
[36m>[39m
              
[36m<div[39m
                [33mc
lass[39m=[32m"h-full
 flex flex-col 
items-center 
justify-center 
text-slate-500 
opacity-50 
min-h-[300px]"[39m
              
[36m>[39m
                
[36m<svg[39m
                  [33
mclass[39m=[32m"luci
de lucide-file-audio 
w-24 h-24 mb-6"[39m
                  [33
mfill[39m=[32m"none"
[39m
                  [33
mheight[39m=[32m"24"
[39m
                  [33
mstroke[39m=[32m"cur
rentColor"[39m
                  [33
mstroke-linecap[39m=
[32m"round"[39m
                  [33
mstroke-linejoin[39m=
[32m"round"[39m
                  [33
mstroke-width[39m=[3
2m"2"[39m
                  [33
mviewBox[39m=[32m"0 
0 24 24"[39m
                  [33
mwidth[39m=[32m"24"
[39m
                  [33
mxmlns[39m=[32m"http
://www.w3.org/2000/svg
"[39m
                
[36m>[39m
                  
[36m<path[39m
                    [
33md[39m=[32m"M17.5 
22h.5a2 2 0 0 0 
2-2V7l-5-5H6a2 2 0 0 
0-2 2v3"[39m
                  
[36m/>[39m
                  
[36m<path[39m
                    
[33md[39m=[32m"M14 
2v4a2 2 0 0 0 2 
2h4"[39m
                  
[36m/>[39m
                  
[36m<path[39m
                    
[33md[39m=[32m"M2 
19a2 2 0 1 1 4 0v1a2 
2 0 1 1-4 0v-4a6 6 0 
0 1 12 0v4a2 2 0 1 
1-4 0v-1a2 2 0 1 1 4 
0"[39m
                  
[36m/>[39m
                
[36m</svg>[39m
                
[36m<p[39m
                  [33
mclass[39m=[32m"text
-lg"[39m
                
[36m>[39m
                  
[0mSelect a file and 
click Separate to 
begin[0m
                
[36m</p>[39m
              
[36m</div>[39m
            
[36m</div>[39m
          
[36m</div>[39m
        
[36m</div>[39m
      [36m</div>[39m
    [36m</div>[39m
  [36m</div>[39m
[36m</body>[39m
[90m [2mÔØ»[22m Obj
ect.getElementError no
de_modules/@testing-li
brary/dom/dist/config.
js:[2m37:19[22m[39m
[90m [2mÔØ»[22m nod
e_modules/@testing-lib
rary/dom/dist/query-he
lpers.js:[2m76:38[22
m[39m
[90m [2mÔØ»[22m nod
e_modules/@testing-lib
rary/dom/dist/query-he
lpers.js:[2m52:17[22
m[39m
[90m [2mÔØ»[22m 
getByText node_modules
/@testing-library/dom/
dist/query-helpers.js:
[2m95:19[22m[39m
[36m [2mÔØ»[22m src
/components/stems/__te
sts__/StemsTab.test.ts
x:[2m41:23[22m[39m
    [90m 39| [39m
    [90m 40| [39m   
     [90m// Check 
for main elements[39m
    [90m 41| [39m   
     expect(screen.get
ByText('Stems Separati
on')).toBeInTheDocumen
tÔÇª
    [90m   | [39m   
                   
[31m^[39m
    [90m 42| [39m   
     expect(screen.get
ByText('Upload or 
select a track to 
split intÔÇª
    [90m 43| [39m   
 })[33m;[39m

[31m[2mÔÄ»ÔÄ»ÔÄ»ÔÄ»Ô
Ä»ÔÄ»ÔÄ»ÔÄ»ÔÄ»ÔÄ»ÔÄ»ÔÄ
»ÔÄ»ÔÄ»ÔÄ»ÔÄ»ÔÄ»ÔÄ»ÔÄ»
ÔÄ»ÔÄ»ÔÄ»ÔÄ»ÔÄ»[1/2]ÔÄ
»[22m[39m

[41m[1m FAIL 
[22m[49m src/compone
nts/stems/__tests__/St
emsTab.test.tsx[2m > 
[22mStemsTab[2m > 
[22mshows processing 
state when 
isProcessing is true
[31m[1mTestingLibrar
yElementError[22m[39
m: Unable to find an 
element with the 
text: Stems 
Separation. This 
could be because the 
text is broken up by 
multiple elements. In 
this case, you can 
provide a function 
for your text matcher 
to make your matcher 
more flexible.

Ignored nodes: 
comments, script, 
style
[36m<body>[39m
  [36m<div>[39m
    [36m<div[39m
      [33mclass[39m=
[32m"space-y-6 
animate-in fade-in 
duration-500"[39m
    [36m>[39m
      [36m<div[39m
        [33mclass[39
m=[32m"grid 
grid-cols-1 
md:grid-cols-3 
gap-6"[39m
      [36m>[39m
        [36m<div[39m
          [33mclass[
39m=[32m"md:col-span-
1 space-y-6"[39m
        [36m>[39m
          
[36m<div[39m
            [33mclass
[39m=[32m"rounded-lg
 border 
text-card-foreground 
shadow-sm 
bg-slate-900/50 
border-slate-800 
backdrop-blur-sm"[39m
          [36m>[39m
            
[36m<div[39m
              [33mcla
ss[39m=[32m"space-y-
1.5 p-6 flex flex-row 
items-center 
justify-between 
pb-2"[39m
            
[36m>[39m
              
[36m<h3[39m
                [33mc
lass[39m=[32m"text-2
xl font-semibold 
leading-none 
tracking-tight 
text-white flex 
items-center 
gap-2"[39m
              
[36m>[39m
                
[36m<svg[39m
                  [33
mclass[39m=[32m"luci
de lucide-music w-5 
h-5 
text-cyan-400"[39m
                  [33
mfill[39m=[32m"none"
[39m
                  [33
mheight[39m=[32m"24"
[39m
                  [33
mstroke[39m=[32m"cur
rentColor"[39m
                  [33
mstroke-linecap[39m=
[32m"round"[39m
                  [33
mstroke-linejoin[39m=
[32m"round"[39m
                  [33
mstroke-width[39m=[3
2m"2"[39m
                  [33
mviewBox[39m=[32m"0 
0 24 24"[39m
                  [33
mwidth[39m=[32m"24"
[39m
                  [33
mxmlns[39m=[32m"http
://www.w3.org/2000/svg
"[39m
                
[36m>[39m
                  
[36m<path[39m
                    
[33md[39m=[32m"M9 
18V5l12-2v13"[39m
                  
[36m/>[39m
                  
[36m<circle[39m
                    [
33mcx[39m=[32m"6"[3
9m
                    [
33mcy[39m=[32m"18"[
39m
                    [
33mr[39m=[32m"3"[39
m
                  
[36m/>[39m
                  
[36m<circle[39m
                    [
33mcx[39m=[32m"18"[
39m
                    [
33mcy[39m=[32m"16"[
39m
                    [
33mr[39m=[32m"3"[39
m
                  
[36m/>[39m
                
[36m</svg>[39m
                
[0mInput Audio[0m
              
[36m</h3>[39m
              
[36m<div>[39m
                
[0mStems Guide[0m
              
[36m</div>[39m
            
[36m</div>[39m
            
[36m<div[39m
              [33mcla
ss[39m=[32m"p-6 
pt-0 space-y-4"[39m
            
[36m>[39m
              
[36m<div[39m
                [33mc
lass[39m=[32m"border
-2 border-dashed 
rounded-lg p-6 
text-center 
transition-colors 
cursor-pointer 
bg-slate-950/30 
border-slate-700 hover
:border-cyan-500/50"[
39m
                [33mr
ole[39m=[32m"present
ation"[39m
                [33mt
abindex[39m=[32m"0"
[39m
              
[36m>[39m
                
[36m<input[39m
                  [33
maccept[39m=[32m"aud
io/*,.mp3,.wav,.flac,.
m4a,.ogg"[39m
                  [33
mmultiple[39m=[32m""
[39m
                  [33
mstyle[39m=[32m"bord
er: 0px; clip: 
rect(0px, 0px, 0px, 
0px); clip-path: 
inset(50%); height: 
1px; margin: 0px -1px 
-1px 0px; overflow: 
hidden; padding: 0px; 
position: absolute; 
width: 1px; 
white-space: 
nowrap;"[39m
                  [33
mtabindex[39m=[32m"-
1"[39m
                  [33
mtype[39m=[32m"file"
[39m
                
[36m/>[39m
                
[36m<svg[39m
                  [33
mclass[39m=[32m"luci
de lucide-upload w-8 
h-8 text-slate-400 
mx-auto mb-2"[39m
                  [33
mfill[39m=[32m"none"
[39m
                  [33
mheight[39m=[32m"24"
[39m
                  [33
mstroke[39m=[32m"cur
rentColor"[39m
                  [33
mstroke-linecap[39m=
[32m"round"[39m
                  [33
mstroke-linejoin[39m=
[32m"round"[39m
                  [33
mstroke-width[39m=[3
2m"2"[39m
                  [33
mviewBox[39m=[32m"0 
0 24 24"[39m
                  [33
mwidth[39m=[32m"24"
[39m
                  [33
mxmlns[39m=[32m"http
://www.w3.org/2000/svg
"[39m
                
[36m>[39m
                  
[36m<path[39m
                    
[33md[39m=[32m"M21 
15v4a2 2 0 0 1-2 
2H5a2 2 0 0 
1-2-2v-4"[39m
                  
[36m/>[39m
                  
[36m<polyline[39m
                    [
33mpoints[39m=[32m"1
7 8 12 3 7 8"[39m
                  
[36m/>[39m
                  
[36m<line[39m
                    [
33mx1[39m=[32m"12"[
39m
                    [
33mx2[39m=[32m"12"[
39m
                    [
33my1[39m=[32m"3"[3
9m
                    [
33my2[39m=[32m"15"[
39m
                  
[36m/>[39m
                
[36m</svg>[39m
                
[36m<p[39m
                  [33
mclass[39m=[32m"text
-sm 
text-slate-400"[39m
                
[36m>[39m
                  
[0mDrag & drop or 
click to upload[0m
                
[36m</p>[39m
              
[36m</div>[39m
            
[36m</div>[39m
          
[36m</div>[39m
          
[36m<div[39m
            [33mclass
[39m=[32m"rounded-lg
 border 
text-card-foreground 
shadow-sm 
bg-slate-900/50 
border-slate-800 
backdrop-blur-sm"[39m
          [36m>[39m
            
[36m<div[39m
              [33mcla
ss[39m=[32m"flex 
flex-col space-y-1.5 
p-6"[39m
            
[36m>[39m
              
[36m<h3[39m
                [33mc
lass[39m=[32m"text-2
xl font-semibold 
leading-none 
tracking-tight 
text-white flex 
items-center 
gap-2"[39m
              
[36m>[39m
                
[36m<svg[39m
                  [33
mclass[39m=[32m"luci
de lucide-cpu w-5 h-5 
text-purple-400"[39m
                  [33
mfill[39m=[32m"none"
[39m
                  [33
mheight[39m=[32m"24"
[39m
                  [33
mstroke[39m=[32m"cur
rentColor"[39m
                  [33
mstroke-linecap[39m=
[32m"round"[39m
                  [33
mstroke-linejoin[39m=
[32m"round"[39m
                  [33
mstroke-width[39m=[3
2m"2"[39m
                  [33
mviewBox[39m=[32m"0 
0 24 24"[39m
                  [33
mwidth[39m=[32m"24"
[39m
                  [33
mxmlns[39m=[32m"http
://www.w3.org/2000/svg
"[39m
                
[36m>[39m
                  
[36m<rect[39m
                    [
33mheight[39m=[32m"1
6"[39m
                    [
33mrx[39m=[32m"2"[3
9m
                    [
33mwidth[39m=[32m"16
"[39m
                    [
33mx[39m=[32m"4"[39
m
                    [
33my[39m=[32m"4"[39
m
                  
[36m/>[39m
                  
[36m<rect[39m
                    [
33mheight[39m=[32m"6
"[39m
                    [
33mrx[39m=[32m"1"[3
9m
                    [
33mwidth[39m=[32m"6"
[39m
                    [
33mx[39m=[32m"9"[39
m
                    [
33my[39m=[32m"9"[39
m
                  
[36m/>[39m
                  
[36m<path[39m
                    
[33md[39m=[32m"M15 
2v2"[39m
                  
[36m/>[39m
                  
[36m<path[39m
                    
[33md[39m=[32m"M15 
20v2"[39m
                  
[36m/>[39m
                  
[36m<path[39m
                    
[33md[39m=[32m"M2 
15h2"[39m
                  
[36m/>[39m
                  
[36m<path[39m
                    
[33md[39m=[32m"M2 
9h2"[39m
                  
[36m/>[39m
                  
[36m<path[39m
                    
[33md[39m=[32m"M20 
15h2"[39m
                  
[36m/>[39m
                  
[36m<path[39m
                    
[33md[39m=[32m"M20 
9h2"[39m
                  
[36m/>[39m
                  
[36m<path[39m
                    
[33md[39m=[32m"M9 
2v2"[39m
                  
[36m/>[39m
                  
[36m<path[39m
                    
[33md[39m=[32m"M9 
20v2"[39m
                  
[36m/>[39m
                
[36m</svg>[39m
                
[0mProcessing 
Options[0m
              
[36m</h3>[39m
            
[36m</div>[39m
            
[36m<div[39m
              [33mcla
ss[39m=[32m"p-6 
pt-0 space-y-6"[39m
            
[36m>[39m
              
[36m<div[39m
                [33mc
lass[39m=[32m"space-
y-3"[39m
              
[36m>[39m
                
[36m<label[39m
                  [33
mclass[39m=[32m"text
-sm font-medium 
leading-none peer-disa
bled:cursor-not-allowe
d peer-disabled:opacit
y-70 
text-slate-300"[39m
                
[36m>[39m
                  
[0mEngine[0m
                
[36m</label>[39m
                
[36m<div[39m
                  [33
mclass[39m=[32m"p-3 
rounded-lg border 
bg-purple-950/30 borde
r-purple-500/50"[39m
                
[36m>[39m
                  
[36m<div[39m
                    [
33mclass[39m=[32m"fl
ex items-center gap-2 
mb-1"[39m
                  
[36m>[39m
                    
[36m<svg[39m
                      
[33mclass[39m=[32m"
lucide lucide-music 
w-4 h-4 
text-purple-400"[39m
                      
[33mfill[39m=[32m"n
one"[39m
                      
[33mheight[39m=[32m
"24"[39m
                      
[33mstroke[39m=[32m
"currentColor"[39m
                      
[33mstroke-linecap[3
9m=[32m"round"[39m
                      
[33mstroke-linejoin[
39m=[32m"round"[39m
                      
[33mstroke-width[39m
=[32m"2"[39m
                      
[33mviewBox[39m=[32
m"0 0 24 24"[39m
                      
[33mwidth[39m=[32m"
24"[39m
                      
[33mxmlns[39m=[32m"
http://www.w3.org/2000
/svg"[39m
                    
[36m>[39m
                      
[36m<path[39m
                      
  
[33md[39m=[32m"M9 
18V5l12-2v13"[39m
                      
[36m/>[39m
                      
[36m<circle[39m
                      
  [33mcx[39m=[32m"6
"[39m
                      
  [33mcy[39m=[32m"1
8"[39m
                      
  [33mr[39m=[32m"3"
[39m
                      
[36m/>[39m
                      
[36m<circle[39m
                      
  [33mcx[39m=[32m"1
8"[39m
                      
  [33mcy[39m=[32m"1
6"[39m
                      
  [33mr[39m=[32m"3"
[39m
                      
[36m/>[39m
                    
[36m</svg>[39m
                    
[36m<span[39m
                      
[33mclass[39m=[32m"
font-medium 
text-white"[39m
                    
[36m>[39m
                      
[0mLevel (High 
Quality)[0m
                    
[36m</span>[39m
                  
[36m</div>[39m
                  
[36m<p[39m
                    [
33mclass[39m=[32m"te
xt-xs 
text-slate-400"[39m
                  
[36m>[39m
                    
[0mState-of-the-art 
separation powered by 
AI.[0m
                  
[36m</p>[39m
                
[36m</div>[39m
              
[36m</div>[39m
              
[36m<div[39m
                [33mc
lass[39m=[32m"space-
y-3"[39m
              
[36m>[39m
                
[36m<label[39m
                  [33
mclass[39m=[32m"text
-sm font-medium 
leading-none peer-disa
bled:cursor-not-allowe
d peer-disabled:opacit
y-70 
text-slate-300"[39m
                
[36m>[39m
                  
[0mStem Count[0m
                
[36m</label>[39m
                
[36m<button[39m
                  [33
maria-autocomplete[39
m=[32m"none"[39m
                  [33
maria-controls[39m=[
32m"radix-:r4:"[39m
                  [33
maria-expanded[39m=[
32m"false"[39m
                  [33
mclass[39m=[32m"flex
 h-10 w-full 
items-center 
justify-between 
rounded-md border 
px-3 py-2 text-sm ring
-offset-background pla
ceholder:text-muted-fo
reground 
focus:outline-none 
focus:ring-2 
focus:ring-ring 
focus:ring-offset-2 di
sabled:cursor-not-allo
wed 
disabled:opacity-50 
[&>span]:line-clamp-1 
bg-slate-950 
border-slate-700 
text-white"[39m
                  [33
mdata-state[39m=[32m
"closed"[39m
                  [33
mdir[39m=[32m"ltr"[
39m
                  [33
mrole[39m=[32m"combo
box"[39m
                  [33
mtype[39m=[32m"butto
n"[39m
                
[36m>[39m
                  
[36m<span[39m
                    [
33mstyle[39m=[32m"po
inter-events: 
none;"[39m
                  
[36m>[39m
                    
[0m4 Stems (Vocals/Dr
ums/Bass/Other)[0m
                  
[36m</span>[39m
                  
[36m<svg[39m
                    [
33maria-hidden[39m=[
32m"true"[39m
                    [
33mclass[39m=[32m"lu
cide 
lucide-chevron-down 
h-4 w-4 
opacity-50"[39m
                    [
33mfill[39m=[32m"non
e"[39m
                    [
33mheight[39m=[32m"2
4"[39m
                    [
33mstroke[39m=[32m"c
urrentColor"[39m
                    [
33mstroke-linecap[39m
=[32m"round"[39m
                    [
33mstroke-linejoin[39
m=[32m"round"[39m
                    [
33mstroke-width[39m=
[32m"2"[39m
                    [
33mviewBox[39m=[32m"
0 0 24 24"[39m
                    [
33mwidth[39m=[32m"24
"[39m
                    [
33mxmlns[39m=[32m"ht
tp://www.w3.org/2000/s
vg"[39m
                  
[36m>[39m
                    
[36m<path[39m
                      
[33md[39m=[32m"m6 
9 6 6 6-6"[39m
                    
[36m/>[39m
                  
[36m</svg>[39m
                
[36m</button>[39m
              
[36m</div>[39m
              
[36m<button[39m
                [33mc
lass[39m=[32m"inline
-flex items-center 
justify-center gap-2 
whitespace-nowrap 
rounded-md text-sm 
font-medium ring-offse
t-background 
transition-all 
duration-300 focus-vis
ible:outline-none 
focus-visible:ring-2 f
ocus-visible:ring-ring
 focus-visible:ring-of
fset-2 disabled:pointe
r-events-none 
disabled:opacity-50 [&
_svg]:pointer-events-n
one [&_svg]:size-4 
[&_svg]:shrink-0 
bg-primary 
hover:bg-primary/90 
hover:scale-105 h-10 
px-4 py-2 w-full 
bg-gradient-to-r 
from-purple-600 
to-indigo-600 
hover:from-purple-500 
hover:to-indigo-500 
text-white shadow-lg s
hadow-purple-500/20"[
39m
                [33md
isabled[39m=[32m""[
39m
              
[36m>[39m
                
[36m<svg[39m
                  [33
mclass[39m=[32m"luci
de 
lucide-loader-circle 
w-4 h-4 mr-2 
animate-spin"[39m
                  [33
mfill[39m=[32m"none"
[39m
                  [33
mheight[39m=[32m"24"
[39m
                  [33
mstroke[39m=[32m"cur
rentColor"[39m
                  [33
mstroke-linecap[39m=
[32m"round"[39m
                  [33
mstroke-linejoin[39m=
[32m"round"[39m
                  [33
mstroke-width[39m=[3
2m"2"[39m
                  [33
mviewBox[39m=[32m"0 
0 24 24"[39m
                  [33
mwidth[39m=[32m"24"
[39m
                  [33
mxmlns[39m=[32m"http
://www.w3.org/2000/svg
"[39m
                
[36m>[39m
                  
[36m<path[39m
                    
[33md[39m=[32m"M21 
12a9 9 0 1 
1-6.219-8.56"[39m
                  
[36m/>[39m
                
[36m</svg>[39m
                
[0mProcessing...[0m
              
[36m</button>[39m

[2m Test Files [22m [1m[31m1 failed[39m[22m[90m (1)[39m
[2m      Tests [22m [1m[31m2 failed[39m[22m[90m (2)[39m
[2m   Start at [22m 23:25:28
[2m   Duration [22m 2.57s[2m (transform 300ms, setup 184ms, import 839ms, tests 169ms, environment 1.10s)[22m

            
[36m</div>[39m
          
[36m</div>[39m
        
[36m</div>[39m
        [36m<div[39m
          [33mclass[
39m=[32m"md:col-span-
2"[39m
        [36m>[39m
          
[36m<div[39m
            [33mclass
[39m=[32m"rounded-lg
 border 
text-card-foreground 
bg-slate-950/80 
border-cyan-500/30 
backdrop-blur-md 
h-full min-h-[400px] s
hadow-[0_0_30px_rgba(6
,182,212,0.1)]"[39m
          [36m>[39m
            
[36m<div[39m
              [33mcla
ss[39m=[32m"space-y-
1.5 p-6 flex flex-row 
items-center 
justify-between"[39m
            
[36m>[39m
              
[36m<div>[39m
                
[36m<h3[39m
                  [33
mclass[39m=[32m"text
-2xl font-semibold 
leading-none 
tracking-tight 
text-white"[39m
                
[36m>[39m
                  
[0mResults[0m
                
[36m</h3>[39m
                
[36m<p[39m
                  [33
mclass[39m=[32m"text
-sm 
text-slate-400"[39m
                
[36m>[39m
                  
[0mSeparated stems 
will appear here[0m
                
[36m</p>[39m
              
[36m</div>[39m
            
[36m</div>[39m
            
[36m<div[39m
              [33mcla
ss[39m=[32m"p-6 
pt-0"[39m
            
[36m>[39m
              
[36m<div[39m
                [33mc
lass[39m=[32m"space-
y-4 mb-8 p-6 
bg-slate-950/50 
rounded-lg border 
border-slate-800"[39m
              
[36m>[39m
                
[36m<div[39m
                  [33
mclass[39m=[32m"flex
 justify-between 
text-sm 
text-slate-300 
mb-2"[39m
                
[36m>[39m
                  
[36m<span />[39m
                  
[36m<span>[39m
                    
[0m0[0m
                    
[0m%[0m
                  
[36m</span>[39m
                
[36m</div>[39m
                
[36m<div[39m
                  [33
maria-valuemax[39m=[
32m"100"[39m
                  [33
maria-valuemin[39m=[
32m"0"[39m
                  [33
mclass[39m=[32m"rela
tive w-full 
overflow-hidden 
rounded-full h-2 
bg-slate-800"[39m
                  [33
mdata-max[39m=[32m"1
00"[39m
                  [33
mdata-state[39m=[32m
"indeterminate"[39m
                  [33
mrole[39m=[32m"progr
essbar"[39m
                
[36m>[39m
                  
[36m<div[39m
                    [
33mclass[39m=[32m"h-
full w-full flex-1 
bg-primary 
transition-all"[39m
                    [
33mdata-max[39m=[32m
"100"[39m
                    [
33mdata-state[39m=[3
2m"indeterminate"[39m
                    [
33mstyle[39m=[32m"tr
ansform: translateX(-1
00%);"[39m
                  
[36m/>[39m
                
[36m</div>[39m
                
[36m<p[39m
                  [33
mclass[39m=[32m"text
-xs text-slate-500 
text-center mt-2"[39m
                
[36m>[39m
                  
[0mPlease wait while 
our AI separates your 
track. This may take 
a few minutes.[0m
                
[36m</p>[39m
              
[36m</div>[39m
            
[36m</div>[39m
          
[36m</div>[39m
        
[36m</div>[39m
      [36m</div>[39m
    [36m</div>[39m
  [36m</div>[39m
[36m</body>[39m
[90m [2mÔØ»[22m Obj
ect.getElementError no
de_modules/@testing-li
brary/dom/dist/config.
js:[2m37:19[22m[39m
[90m [2mÔØ»[22m nod
e_modules/@testing-lib
rary/dom/dist/query-he
lpers.js:[2m76:38[22
m[39m
[90m [2mÔØ»[22m nod
e_modules/@testing-lib
rary/dom/dist/query-he
lpers.js:[2m52:17[22
m[39m
[90m [2mÔØ»[22m 
getByText node_modules
/@testing-library/dom/
dist/query-helpers.js:
[2m95:19[22m[39m
[36m [2mÔØ»[22m src
/components/stems/__te
sts__/StemsTab.test.ts
x:[2m56:23[22m[39m
    [90m 54| [39m   
     // Add specific 
assertions if the UI 
changes based on 
isProcesÔÇª
    [90m 55| [39m   
     [90m// For now 
just ensuring it 
renders without 
crashing[39m
    [90m 56| [39m   
     expect(screen.get
ByText('Stems Separati
on')).toBeInTheDocumen
tÔÇª
    [90m   | [39m   
                   
[31m^[39m
    [90m 57| [39m   
 })[33m;[39m
    [90m 58| 
[39m})[33m;[39m

[31m[2mÔÄ»ÔÄ»ÔÄ»ÔÄ»Ô
Ä»ÔÄ»ÔÄ»ÔÄ»ÔÄ»ÔÄ»ÔÄ»ÔÄ
»ÔÄ»ÔÄ»ÔÄ»ÔÄ»ÔÄ»ÔÄ»ÔÄ»
ÔÄ»ÔÄ»ÔÄ»ÔÄ»ÔÄ»[2/2]ÔÄ
»[22m[39m

